// Jest Snapshot v1, https://goo.gl/fbAQLP

exports[`Should Logo render correctly 1`] = `
<div>
  <div
    class="header__left"
  >
    <a
      class="header__logo-link usual"
      href="/"
    >
      <img
        alt="6 cities logo"
        class="header__logo"
        height="41"
        src="img/logo.svg"
        width="81"
      />
    </a>
  </div>
</div>
`;
